// Jest Snapshot v1, https://goo.gl/fbAQLP

exports[`test 2 test 2 1`] = `
<div
  class="container grid-list-md text-xs-center fill-height"
>
  <div
    class="layout row wrap align-center"
  >
    <div
      class="flex xs"
    >
      
      My favorite book is 
      <h4
        class="test-class"
      >
         Java 
      </h4>
    </div>
  </div>
</div>
`;
